<html>
<body>
<pre>
<h1>µVision Build Log</h1>
<h2>Tool Versions:</h2>
IDE-Version: ¦ÌVision V5.24.2.0
Copyright (C) 2017 ARM Ltd and ARM Germany GmbH. All rights reserved.
License Information: 123 HP, HP Inc., LIC=14HV2-9NFDM-UHU8H-WDQGV-72GWE-LDLH5
 
Tool Versions:
Toolchain:       MDK-ARM Plus  Version: 5.24.1
Toolchain Path:  F:\Program\Unpack\Keil5MDK\ARM\ARMCC\Bin
C Compiler:      Armcc.exe V5.06 update 5 (build 528)
Assembler:       Armasm.exe V5.06 update 5 (build 528)
Linker/Locator:  ArmLink.exe V5.06 update 5 (build 528)
Library Manager: ArmAr.exe V5.06 update 5 (build 528)
Hex Converter:   FromElf.exe V5.06 update 5 (build 528)
CPU DLL:         SARMCM3.DLL V5.24.1
Dialog DLL:      DCM.DLL V1.16.0.0
Target DLL:      STLink\ST-LINKIII-KEIL_SWO.dll V3.0.1.0
Dialog DLL:      TCM.DLL V1.32.0.0
 
<h2>Project:</h2>
C:\Users\HP\Work2\project\stm32_integrated_framework\stm32_projects\main\Projects\MDK-ARM\stm32f407_lvglport.uvprojx
Project File Date:  04/02/2025

<h2>Output:</h2>
*** Using Compiler 'V5.06 update 5 (build 528)', folder: 'F:\Program\Unpack\Keil5MDK\ARM\ARMCC\Bin'
Build target 'stm32f407vet6'
compiling usart.c...
..\..\MyCodes\usart\../aliyun/../tim/tim.h(16): warning:  #1295-D: Deprecated declaration tim2_init - give arg types
  void tim2_init();
..\..\MyCodes\usart\usart.c(152): warning:  #1-D: last line of file ends without a newline
  // }
..\..\MyCodes\usart\usart.c: 2 warnings, 0 errors
linking...
Program Size: Code=188926 RO-data=30050 RW-data=728 ZI-data=121056  
FromELF: creating hex file...
"..\..\Output\atk_f407.axf" - 0 Error(s), 2 Warning(s).

<h2>Software Packages used:</h2>

Package Vendor: Keil
                http://www.keil.com/pack/Keil.STM32F4xx_DFP.2.15.0.pack
                Keil.STM32F4xx_DFP.2.15.0
                STMicroelectronics STM32F4 Series Device Support, Drivers and Examples

<h2>Collection of Component include folders:</h2>
  .\RTE\_stm32f407vet6
  F:\Program\Unpack\Keil5MDK\ARM\PACK\Keil\STM32F4xx_DFP\2.15.0\Drivers\CMSIS\Device\ST\STM32F4xx\Include

<h2>Collection of Component Files used:</h2>
Build Time Elapsed:  00:00:04
</pre>
</body>
</html>
