<html>
<body>
<pre>
<h1>礦ision Build Log</h1>
<h2>Tool Versions:</h2>
IDE-Version: μVision V5.24.2.0
Copyright (C) 2017 ARM Ltd and ARM Germany GmbH. All rights reserved.
License Information: 123 HP, HP Inc., LIC=14HV2-9NFDM-UHU8H-WDQGV-72GWE-LDLH5
 
Tool Versions:
Toolchain:       MDK-ARM Plus  Version: 5.24.1
Toolchain Path:  F:\Program\Unpack\Keil5MDK\ARM\ARMCC\Bin
C Compiler:      Armcc.exe V5.06 update 5 (build 528)
Assembler:       Armasm.exe V5.06 update 5 (build 528)
Linker/Locator:  ArmLink.exe V5.06 update 5 (build 528)
Library Manager: ArmAr.exe V5.06 update 5 (build 528)
Hex Converter:   FromElf.exe V5.06 update 5 (build 528)
CPU DLL:         SARMCM3.DLL V5.24.1
Dialog DLL:      DCM.DLL V1.16.0.0
Target DLL:      STLink\ST-LINKIII-KEIL_SWO.dll V3.0.1.0
Dialog DLL:      TCM.DLL V1.32.0.0
 
<h2>Project:</h2>
C:\Users\HP\Work2\STM32\OTATest_Bootloader\Project.uvprojx
Project File Date:  03/25/2025

<h2>Output:</h2>
*** Using Compiler 'V5.06 update 5 (build 528)', folder: 'F:\Program\Unpack\Keil5MDK\ARM\ARMCC\Bin'
Build target 'Target 1'
compiling xmodem.c...
User\xfmc.h(17): warning:  #1-D: last line of file ends without a newline
  #endif
User\xmodem.c(92): warning:  #177-D: variable "PrescalerValue"  was declared but never referenced
      uint16_t PrescalerValue = (uint16_t) (SystemCoreClock / 1000000) - 1; // 分频到1MHz，计数周期1us
User\xmodem.c(372): warning:  #1-D: last line of file ends without a newline
  }
User\xmodem.c: 3 warnings, 0 errors
linking...
Program Size: Code=11496 RO-data=820 RW-data=56 ZI-data=1768  
".\Objects\Project.axf" - 0 Error(s), 3 Warning(s).

<h2>Software Packages used:</h2>

Package Vendor: Keil
                http://www.keil.com/pack/Keil.STM32F1xx_DFP.2.2.0.pack
                Keil.STM32F1xx_DFP.2.2.0
                STMicroelectronics STM32F1 Series Device Support, Drivers and Examples

<h2>Collection of Component include folders:</h2>
  .\RTE\_Target_1
  F:\Program\Unpack\Keil5MDK\ARM\PACK\Keil\STM32F1xx_DFP\2.2.0\Device\Include

<h2>Collection of Component Files used:</h2>
Build Time Elapsed:  00:00:01
</pre>
</body>
</html>
